=== environment ===
name, driver_version, temperature.gpu, clocks.current.sm [MHz], power.limit [W]
NVIDIA GeForce RTX 2060 with Max-Q Design, 595.97, 80, 960 MHz, [N/A]
=== warmup ===
=== benchmark x 7 ===
--- rep 1 ---
[BENCH] 16 towers x 32768 ring: 0.287 ms/op
[BENCH] throughput: 1826.5 M coeff-mults/sec
--- rep 2 ---
[BENCH] 16 towers x 32768 ring: 0.165 ms/op
[BENCH] throughput: 3170.3 M coeff-mults/sec
--- rep 3 ---
[BENCH] 16 towers x 32768 ring: 0.670 ms/op
[BENCH] throughput: 783.0 M coeff-mults/sec
--- rep 4 ---
[BENCH] 16 towers x 32768 ring: 0.214 ms/op
[BENCH] throughput: 2452.8 M coeff-mults/sec
--- rep 5 ---
[BENCH] 16 towers x 32768 ring: 0.220 ms/op
[BENCH] throughput: 2382.7 M coeff-mults/sec
--- rep 6 ---
[BENCH] 16 towers x 32768 ring: 0.171 ms/op
[BENCH] throughput: 3074.1 M coeff-mults/sec
--- rep 7 ---
[BENCH] 16 towers x 32768 ring: 0.199 ms/op
[BENCH] throughput: 2632.0 M coeff-mults/sec
=== bench_evalmult x 7 ===
--- rep 1 ---
========================================
 CUDA HAL Benchmark
========================================
  16 towers, N=16k           GPU:  10.76 ms
  16 towers, N=32k           GPU:  15.63 ms
  16 towers, N=64k           GPU:  22.85 ms
--- rep 2 ---
========================================
 CUDA HAL Benchmark
========================================
  16 towers, N=16k           GPU:  10.97 ms
  16 towers, N=32k           GPU:  16.72 ms
  16 towers, N=64k           GPU:  21.09 ms
--- rep 3 ---
========================================
 CUDA HAL Benchmark
========================================
  16 towers, N=16k           GPU:  13.32 ms
  16 towers, N=32k           GPU:  14.42 ms
  16 towers, N=64k           GPU:  21.95 ms
--- rep 4 ---
========================================
 CUDA HAL Benchmark
========================================
  16 towers, N=16k           GPU:   8.84 ms
  16 towers, N=32k           GPU:  17.84 ms
  16 towers, N=64k           GPU:  26.29 ms
--- rep 5 ---
========================================
 CUDA HAL Benchmark
========================================
  16 towers, N=16k           GPU:  10.83 ms
  16 towers, N=32k           GPU:  14.85 ms
  16 towers, N=64k           GPU:  22.87 ms
--- rep 6 ---
========================================
 CUDA HAL Benchmark
========================================
  16 towers, N=16k           GPU:  10.26 ms
  16 towers, N=32k           GPU:  15.14 ms
  16 towers, N=64k           GPU:  23.82 ms
--- rep 7 ---
========================================
 CUDA HAL Benchmark
========================================
  16 towers, N=16k           GPU:  11.91 ms
  16 towers, N=32k           GPU:  15.16 ms
  16 towers, N=64k           GPU:  27.20 ms
=== test_e2e_ckks x 7 ===
--- rep 1 ---
======================================================
[*] OpenFHE NVIDIA GPU HAL -- End-to-End CKKS Test
======================================================

[1] Key generation: 142.02 ms
[2] Encrypt: 133.02 ms
[3] EvalMult: 101.64 ms
[4] Decrypt: 20.53 ms
    [0] exp=0.05000000 got=0.05000000 err=5.34e-12
    [1] exp=0.10200000 got=0.10200000 err=2.41e-12
    [2] exp=0.15600000 got=0.15600000 err=1.56e-12
    [3] exp=0.21200000 got=0.21200000 err=1.78e-12
    [4] exp=0.27000000 got=0.27000000 err=2.75e-12
    [5] exp=0.33000000 got=0.33000000 err=2.15e-12
    [6] exp=0.39200000 got=0.39200000 err=6.00e-12
    [7] exp=0.40000000 got=0.40000000 err=4.46e-12

Max error: 0.00
[PASS]
--- rep 2 ---
======================================================
[*] OpenFHE NVIDIA GPU HAL -- End-to-End CKKS Test
======================================================

[1] Key generation: 190.26 ms
[2] Encrypt: 121.80 ms
[3] EvalMult: 87.87 ms
[4] Decrypt: 25.91 ms
    [0] exp=0.05000000 got=0.05000000 err=2.32e-14
    [1] exp=0.10200000 got=0.10200000 err=1.72e-12
    [2] exp=0.15600000 got=0.15600000 err=2.62e-12
    [3] exp=0.21200000 got=0.21200000 err=4.02e-12
    [4] exp=0.27000000 got=0.27000000 err=2.43e-12
    [5] exp=0.33000000 got=0.33000000 err=6.02e-13
    [6] exp=0.39200000 got=0.39200000 err=3.06e-13
    [7] exp=0.40000000 got=0.40000000 err=4.74e-12

Max error: 0.00
[PASS]
--- rep 3 ---
======================================================
[*] OpenFHE NVIDIA GPU HAL -- End-to-End CKKS Test
======================================================

[1] Key generation: 144.61 ms
[2] Encrypt: 124.99 ms
[3] EvalMult: 79.48 ms
[4] Decrypt: 24.03 ms
    [0] exp=0.05000000 got=0.05000000 err=1.33e-12
    [1] exp=0.10200000 got=0.10200000 err=3.48e-12
    [2] exp=0.15600000 got=0.15600000 err=7.16e-12
    [3] exp=0.21200000 got=0.21200000 err=9.78e-13
    [4] exp=0.27000000 got=0.27000000 err=8.49e-12
    [5] exp=0.33000000 got=0.33000000 err=2.57e-13
    [6] exp=0.39200000 got=0.39200000 err=7.08e-12
    [7] exp=0.40000000 got=0.40000000 err=1.76e-12

Max error: 0.00
[PASS]
--- rep 4 ---
======================================================
[*] OpenFHE NVIDIA GPU HAL -- End-to-End CKKS Test
======================================================

[1] Key generation: 141.46 ms
[2] Encrypt: 99.46 ms
[3] EvalMult: 65.14 ms
[4] Decrypt: 35.02 ms
    [0] exp=0.05000000 got=0.05000000 err=4.64e-12
    [1] exp=0.10200000 got=0.10200000 err=4.22e-12
    [2] exp=0.15600000 got=0.15600000 err=1.06e-12
    [3] exp=0.21200000 got=0.21200000 err=5.77e-12
    [4] exp=0.27000000 got=0.27000000 err=7.90e-12
    [5] exp=0.33000000 got=0.33000000 err=2.29e-12
    [6] exp=0.39200000 got=0.39200000 err=7.88e-13
    [7] exp=0.40000000 got=0.40000000 err=3.43e-12

Max error: 0.00
[PASS]
--- rep 5 ---
======================================================
[*] OpenFHE NVIDIA GPU HAL -- End-to-End CKKS Test
======================================================

[1] Key generation: 144.37 ms
[2] Encrypt: 118.75 ms
[3] EvalMult: 72.40 ms
[4] Decrypt: 28.68 ms
    [0] exp=0.05000000 got=0.05000000 err=5.42e-12
    [1] exp=0.10200000 got=0.10200000 err=7.48e-12
    [2] exp=0.15600000 got=0.15600000 err=6.34e-12
    [3] exp=0.21200000 got=0.21200000 err=8.72e-13
    [4] exp=0.27000000 got=0.27000000 err=7.77e-12
    [5] exp=0.33000000 got=0.33000000 err=1.28e-12
    [6] exp=0.39200000 got=0.39200000 err=4.29e-13
    [7] exp=0.40000000 got=0.40000000 err=3.86e-12

Max error: 0.00
[PASS]
--- rep 6 ---
======================================================
[*] OpenFHE NVIDIA GPU HAL -- End-to-End CKKS Test
======================================================

[1] Key generation: 139.73 ms
[2] Encrypt: 97.81 ms
[3] EvalMult: 76.22 ms
[4] Decrypt: 22.01 ms
    [0] exp=0.05000000 got=0.05000000 err=2.26e-12
    [1] exp=0.10200000 got=0.10200000 err=4.78e-12
    [2] exp=0.15600000 got=0.15600000 err=3.01e-12
    [3] exp=0.21200000 got=0.21200000 err=1.63e-12
    [4] exp=0.27000000 got=0.27000000 err=2.59e-12
    [5] exp=0.33000000 got=0.33000000 err=2.45e-12
    [6] exp=0.39200000 got=0.39200000 err=1.26e-11
    [7] exp=0.40000000 got=0.40000000 err=1.80e-12

Max error: 0.00
[PASS]
--- rep 7 ---
======================================================
[*] OpenFHE NVIDIA GPU HAL -- End-to-End CKKS Test
======================================================

[1] Key generation: 150.67 ms
[2] Encrypt: 116.32 ms
[3] EvalMult: 59.50 ms
[4] Decrypt: 29.55 ms
    [0] exp=0.05000000 got=0.05000000 err=6.21e-12
    [1] exp=0.10200000 got=0.10200000 err=4.92e-12
    [2] exp=0.15600000 got=0.15600000 err=8.21e-12
    [3] exp=0.21200000 got=0.21200000 err=5.28e-12
    [4] exp=0.27000000 got=0.27000000 err=4.81e-12
    [5] exp=0.33000000 got=0.33000000 err=5.11e-12
    [6] exp=0.39200000 got=0.39200000 err=3.66e-12
    [7] exp=0.40000000 got=0.40000000 err=4.34e-12

Max error: 0.00
[PASS]
=== bench_vs_cpu x 7 ===
--- rep 1 ---
======================================================
[*] CPU (Native OpenMP) Benchmark
======================================================
Ring dim : 32768 | Towers : 11 | Reps : 25
Mean Latency: 55.91 ms

--- rep 2 ---
======================================================
[*] CPU (Native OpenMP) Benchmark
======================================================
Ring dim : 32768 | Towers : 11 | Reps : 25
Mean Latency: 55.75 ms

--- rep 3 ---
======================================================
[*] CPU (Native OpenMP) Benchmark
======================================================
Ring dim : 32768 | Towers : 11 | Reps : 25
Mean Latency: 70.61 ms

--- rep 4 ---
======================================================
[*] CPU (Native OpenMP) Benchmark
======================================================
Ring dim : 32768 | Towers : 11 | Reps : 25
Mean Latency: 57.60 ms

--- rep 5 ---
======================================================
[*] CPU (Native OpenMP) Benchmark
======================================================
Ring dim : 32768 | Towers : 11 | Reps : 25
Mean Latency: 55.66 ms

--- rep 6 ---
======================================================
[*] CPU (Native OpenMP) Benchmark
======================================================
Ring dim : 32768 | Towers : 11 | Reps : 25
Mean Latency: 57.50 ms

--- rep 7 ---
======================================================
[*] CPU (Native OpenMP) Benchmark
======================================================
Ring dim : 32768 | Towers : 11 | Reps : 25
Mean Latency: 52.70 ms

